// Jest Snapshot v1, https://goo.gl/fbAQLP

exports[`application renders 1`] = `
<div>
  <div>
    Hello World
  </div>
</div>
`;
